// Jest Snapshot v1, https://goo.gl/fbAQLP

exports[`component: SuccessDialog renders 1`] = `
Object {
  "asFragment": [Function],
  "baseElement": <body
    style="padding-right: 1024px; overflow: hidden;"
  >
    <div
      aria-hidden="true"
    />
    <div
      class="MuiModal-root MuiDialog-root css-zw3mfo-MuiModal-root-MuiDialog-root"
      role="presentation"
    >
      <div
        aria-hidden="true"
        class="MuiBackdrop-root css-yiavyu-MuiBackdrop-root-MuiDialog-backdrop"
        style="opacity: 1; webkit-transition: opacity 225ms cubic-bezier(0.4, 0, 0.2, 1) 0ms; transition: opacity 225ms cubic-bezier(0.4, 0, 0.2, 1) 0ms;"
      />
      <div
        data-test="sentinelStart"
        tabindex="0"
      />
      <div
        class="MuiDialog-container MuiDialog-scrollPaper css-hz1bth-MuiDialog-container"
        role="presentation"
        style="opacity: 1; webkit-transition: opacity 225ms cubic-bezier(0.4, 0, 0.2, 1) 0ms; transition: opacity 225ms cubic-bezier(0.4, 0, 0.2, 1) 0ms;"
        tabindex="-1"
      >
        <div
          aria-labelledby="mui-1"
          class="MuiPaper-root MuiPaper-elevation MuiPaper-rounded MuiPaper-elevation24 MuiDialog-paper MuiDialog-paperScrollPaper MuiDialog-paperWidthSm css-1fgzn05-MuiPaper-root-MuiDialog-paper"
          role="dialog"
        >
          <h2
            class="MuiTypography-root MuiTypography-h6 MuiDialogTitle-root css-1f9hik6-MuiTypography-root-MuiDialogTitle-root"
            id="mui-1"
          >
            <h4
              class="MuiTypography-root MuiTypography-h4 MuiTypography-alignCenter css-apwr7y-MuiTypography-root"
            >
              feedback.successDialog.title
            </h4>
          </h2>
          <div
            class="MuiDialogContent-root css-ypiqx9-MuiDialogContent-root"
          >
            <div
              class="MuiBox-root css-1qm1lh"
            >
              <p
                class="MuiTypography-root MuiTypography-body1 MuiTypography-alignCenter css-hv17i8-MuiTypography-root"
              >
                feedback.successDialog.content
              </p>
            </div>
          </div>
        </div>
      </div>
      <div
        data-test="sentinelEnd"
        tabindex="0"
      />
    </div>
  </body>,
  "container": <div
    aria-hidden="true"
  />,
  "debug": [Function],
  "findAllByAltText": [Function],
  "findAllByDisplayValue": [Function],
  "findAllByLabelText": [Function],
  "findAllByPlaceholderText": [Function],
  "findAllByRole": [Function],
  "findAllByTestId": [Function],
  "findAllByText": [Function],
  "findAllByTitle": [Function],
  "findByAltText": [Function],
  "findByDisplayValue": [Function],
  "findByLabelText": [Function],
  "findByPlaceholderText": [Function],
  "findByRole": [Function],
  "findByTestId": [Function],
  "findByText": [Function],
  "findByTitle": [Function],
  "getAllByAltText": [Function],
  "getAllByDisplayValue": [Function],
  "getAllByLabelText": [Function],
  "getAllByPlaceholderText": [Function],
  "getAllByRole": [Function],
  "getAllByTestId": [Function],
  "getAllByText": [Function],
  "getAllByTitle": [Function],
  "getByAltText": [Function],
  "getByDisplayValue": [Function],
  "getByLabelText": [Function],
  "getByPlaceholderText": [Function],
  "getByRole": [Function],
  "getByTestId": [Function],
  "getByText": [Function],
  "getByTitle": [Function],
  "queryAllByAltText": [Function],
  "queryAllByDisplayValue": [Function],
  "queryAllByLabelText": [Function],
  "queryAllByPlaceholderText": [Function],
  "queryAllByRole": [Function],
  "queryAllByTestId": [Function],
  "queryAllByText": [Function],
  "queryAllByTitle": [Function],
  "queryByAltText": [Function],
  "queryByDisplayValue": [Function],
  "queryByLabelText": [Function],
  "queryByPlaceholderText": [Function],
  "queryByRole": [Function],
  "queryByTestId": [Function],
  "queryByText": [Function],
  "queryByTitle": [Function],
  "rerender": [Function],
  "unmount": [Function],
}
`;
